pyinstaller : 179 INFO: PyInstaller: 6.16.0, contrib hooks: 2025.9
위치 줄:1 문자:1
+ pyinstaller --clean --noconfirm --onedir --windowed --name NeuroFlow  ..
.
+ ~~~~~~~~~~~~~~~~~~~~~~~~~~~~~~~~~~~~~~~~~~~~~~~~~~~~~~~~~~~~~~~~~~~~~
    + CategoryInfo          : NotSpecified: (179 INFO: PyIns...b hooks: 2 
   025.9:String) [], RemoteException
    + FullyQualifiedErrorId : NativeCommandError
 
179 INFO: Python: 3.13.2
206 INFO: Platform: Windows-11-10.0.26100-SP0
206 INFO: Python environment: C:\Python313
207 INFO: wrote C:\Users\USER\Desktop\의료 저널\Neuroflow_mac\NeuroFlow.spec
209 INFO: Removing temporary files and cleaning cache in C:\Users\USER\App
Data\Local\pyinstaller
220 INFO: Module search paths (PYTHONPATH):
['C:\\Python313\\Scripts\\pyinstaller.exe',
 'C:\\Python313\\python313.zip',
 'C:\\Python313\\DLLs',
 'C:\\Python313\\Lib',
 'C:\\Python313',
 'C:\\Python313\\Lib\\site-packages',
 'C:\\Python313\\Lib\\site-packages\\setuptools\\_vendor',
 'C:\\Users\\USER\\Desktop\\의료 저널\\Neuroflow_mac']
pygame 2.6.1 (SDL 2.28.4, Python 3.13.2)
Hello from the pygame community. https://www.pygame.org/contribute.html
605 INFO: Appending 'datas' from .spec
606 INFO: checking Analysis
607 INFO: Building Analysis because Analysis-00.toc is non existent
607 INFO: Looking for Python shared library...
607 INFO: Using Python shared library: C:\Python313\python313.dll
607 INFO: Running Analysis Analysis-00.toc
607 INFO: Target bytecode optimization level: 0
607 INFO: Initializing module dependency graph...
608 INFO: Initializing module graph hook caches...
617 INFO: Analyzing modules for base_library.zip ...
1398 INFO: Processing standard module hook 'hook-encodings.py' from 'C:\\P
ython313\\Lib\\site-packages\\PyInstaller\\hooks'
1954 INFO: Processing standard module hook 'hook-heapq.py' from 'C:\\Pytho
n313\\Lib\\site-packages\\PyInstaller\\hooks'
2900 INFO: Processing standard module hook 'hook-pickle.py' from 'C:\\Pyth
on313\\Lib\\site-packages\\PyInstaller\\hooks'
3900 INFO: Caching module dependency graph...
3926 INFO: Analyzing C:\Users\USER\Desktop\의료 저널\Neuroflow_mac\ct_perfusio
n_viewer_windows.py
3979 INFO: Processing standard module hook 'hook-_ctypes.py' from 'C:\\Pyt
hon313\\Lib\\site-packages\\PyInstaller\\hooks'
4003 INFO: Processing standard module hook 'hook-PyQt5.py' from 'C:\\Pytho
n313\\Lib\\site-packages\\PyInstaller\\hooks'
4659 INFO: Processing standard module hook 'hook-PyQt5.QtWidgets.py' from 
'C:\\Python313\\Lib\\site-packages\\PyInstaller\\hooks'
5131 INFO: Processing standard module hook 'hook-PyQt5.QtCore.py' from 'C:
\\Python313\\Lib\\site-packages\\PyInstaller\\hooks'
5630 INFO: Processing standard module hook 'hook-PyQt5.QtGui.py' from 'C:\
\Python313\\Lib\\site-packages\\PyInstaller\\hooks'
5868 INFO: Processing standard module hook 'hook-multiprocessing.util.py' 
from 'C:\\Python313\\Lib\\site-packages\\PyInstaller\\hooks'
6005 INFO: Processing standard module hook 'hook-xml.py' from 'C:\\Python3
13\\Lib\\site-packages\\PyInstaller\\hooks'
6186 INFO: Analyzing hidden import 'pydicom'
6187 INFO: Processing standard module hook 'hook-pydicom.py' from 'C:\\Pyt
hon313\\Lib\\site-packages\\_pyinstaller_hooks_contrib\\stdhooks'
7282 INFO: Processing standard module hook 'hook-numpy.py' from 'C:\\Pytho
n313\\Lib\\site-packages\\PyInstaller\\hooks'
7565 INFO: Processing standard module hook 'hook-platform.py' from 'C:\\Py
thon313\\Lib\\site-packages\\PyInstaller\\hooks'
7671 INFO: Processing standard module hook 'hook-sysconfig.py' from 'C:\\P
ython313\\Lib\\site-packages\\PyInstaller\\hooks'
8278 INFO: Processing standard module hook 'hook-difflib.py' from 'C:\\Pyt
hon313\\Lib\\site-packages\\PyInstaller\\hooks'
8839 INFO: Processing standard module hook 'hook-psutil.py' from 'C:\\Pyth
on313\\Lib\\site-packages\\_pyinstaller_hooks_contrib\\stdhooks'
9665 INFO: Processing standard module hook 'hook-charset_normalizer.py' fr
om 'C:\\Python313\\Lib\\site-packages\\_pyinstaller_hooks_contrib\\stdhook
s'
9742 INFO: Processing pre-safe-import-module hook 'hook-typing_extensions.
py' from 'C:\\Python313\\Lib\\site-packages\\PyInstaller\\hooks\\pre_safe_
import_module'
9743 INFO: SetuptoolsInfo: initializing cached setuptools info...
13302 INFO: Processing standard module hook 'hook-PIL.py' from 'C:\\Python
313\\Lib\\site-packages\\PyInstaller\\hooks'
13411 INFO: Processing standard module hook 'hook-PIL.Image.py' from 'C:\\
Python313\\Lib\\site-packages\\PyInstaller\\hooks'
13744 INFO: Processing standard module hook 'hook-xml.etree.cElementTree.p
y' from 'C:\\Python313\\Lib\\site-packages\\PyInstaller\\hooks'
13771 INFO: Processing standard module hook 'hook-PIL.ImageFilter.py' from
 'C:\\Python313\\Lib\\site-packages\\PyInstaller\\hooks'
14037 INFO: Processing standard module hook 'hook-urllib3.py' from 'C:\\Py
thon313\\Lib\\site-packages\\_pyinstaller_hooks_contrib\\stdhooks'
14429 INFO: Processing standard module hook 'hook-certifi.py' from 'C:\\Py
thon313\\Lib\\site-packages\\_pyinstaller_hooks_contrib\\stdhooks'
14585 INFO: Processing standard module hook 'hook-pandas.py' from 'C:\\Pyt
hon313\\Lib\\site-packages\\PyInstaller\\hooks'
16875 INFO: Processing standard module hook 'hook-pytz.py' from 'C:\\Pytho
n313\\Lib\\site-packages\\PyInstaller\\hooks'
17320 INFO: Processing standard module hook 'hook-scipy.py' from 'C:\\Pyth
on313\\Lib\\site-packages\\PyInstaller\\hooks'
17865 INFO: Processing standard module hook 'hook-pytest.py' from 'C:\\Pyt
hon313\\Lib\\site-packages\\_pyinstaller_hooks_contrib\\stdhooks'
18001 INFO: Processing standard module hook 'hook-py.py' from 'C:\\Python3
13\\Lib\\site-packages\\_pyinstaller_hooks_contrib\\stdhooks'
18278 INFO: Processing pre-safe-import-module hook 'hook-packaging.py' fro
m 'C:\\Python313\\Lib\\site-packages\\PyInstaller\\hooks\\pre_safe_import_
module'
18424 INFO: Processing pre-safe-import-module hook 'hook-tomli.py' from 'C
:\\Python313\\Lib\\site-packages\\PyInstaller\\hooks\\pre_safe_import_modu
le'
18425 INFO: Setuptools: 'tomli' appears to be a setuptools-vendored copy -
 creating alias to 'setuptools._vendor.tomli'!
18430 INFO: Processing standard module hook 'hook-setuptools.py' from 'C:\
\Python313\\Lib\\site-packages\\PyInstaller\\hooks'
18439 INFO: Processing pre-safe-import-module hook 'hook-distutils.py' fro
m 'C:\\Python313\\Lib\\site-packages\\PyInstaller\\hooks\\pre_safe_import_
module'
18461 INFO: Processing pre-safe-import-module hook 'hook-jaraco.functools.
py' from 'C:\\Python313\\Lib\\site-packages\\PyInstaller\\hooks\\pre_safe_
import_module'
18461 INFO: Setuptools: 'jaraco.functools' appears to be a setuptools-vend
ored copy - creating alias to 'setuptools._vendor.jaraco.functools'!
18467 INFO: Processing pre-safe-import-module hook 'hook-more_itertools.py
' from 'C:\\Python313\\Lib\\site-packages\\PyInstaller\\hooks\\pre_safe_im
port_module'
18468 INFO: Setuptools: 'more_itertools' appears to be a setuptools-vendor
ed copy - creating alias to 'setuptools._vendor.more_itertools'!
18716 INFO: Processing pre-safe-import-module hook 'hook-jaraco.text.py' f
rom 'C:\\Python313\\Lib\\site-packages\\PyInstaller\\hooks\\pre_safe_impor
t_module'
18717 INFO: Setuptools: 'jaraco.text' appears to be a setuptools-vendored 
copy - creating alias to 'setuptools._vendor.jaraco.text'!
18725 INFO: Processing standard module hook 'hook-setuptools._vendor.jarac
o.text.py' from 'C:\\Python313\\Lib\\site-packages\\PyInstaller\\hooks'
18726 INFO: Processing pre-safe-import-module hook 'hook-importlib_resourc
es.py' from 'C:\\Python313\\Lib\\site-packages\\PyInstaller\\hooks\\pre_sa
fe_import_module'
18727 INFO: Processing pre-safe-import-module hook 'hook-jaraco.context.py
' from 'C:\\Python313\\Lib\\site-packages\\PyInstaller\\hooks\\pre_safe_im
port_module'
18728 INFO: Setuptools: 'jaraco.context' appears to be a setuptools-vendor
ed copy - creating alias to 'setuptools._vendor.jaraco.context'!
18735 INFO: Processing pre-safe-import-module hook 'hook-backports.tarfile
.py' from 'C:\\Python313\\Lib\\site-packages\\PyInstaller\\hooks\\pre_safe
_import_module'
18736 INFO: Setuptools: 'backports.tarfile' appears to be a setuptools-ven
dored copy - creating alias to 'setuptools._vendor.backports.tarfile'!
18802 INFO: Processing standard module hook 'hook-backports.py' from 'C:\\
Python313\\Lib\\site-packages\\_pyinstaller_hooks_contrib\\stdhooks'
18858 INFO: Processing pre-safe-import-module hook 'hook-importlib_metadat
a.py' from 'C:\\Python313\\Lib\\site-packages\\PyInstaller\\hooks\\pre_saf
e_import_module'
18859 INFO: Setuptools: 'importlib_metadata' appears to be a setuptools-ve
ndored copy - creating alias to 'setuptools._vendor.importlib_metadata'!
18877 INFO: Processing standard module hook 'hook-setuptools._vendor.impor
tlib_metadata.py' from 'C:\\Python313\\Lib\\site-packages\\PyInstaller\\ho
oks'
18878 INFO: Processing pre-safe-import-module hook 'hook-zipp.py' from 'C:
\\Python313\\Lib\\site-packages\\PyInstaller\\hooks\\pre_safe_import_modul
e'
18878 INFO: Setuptools: 'zipp' appears to be a setuptools-vendored copy - 
creating alias to 'setuptools._vendor.zipp'!
19326 INFO: Processing standard module hook 'hook-pkg_resources.py' from '
C:\\Python313\\Lib\\site-packages\\PyInstaller\\hooks'
19604 INFO: Processing pre-safe-import-module hook 'hook-platformdirs.py' 
from 'C:\\Python313\\Lib\\site-packages\\PyInstaller\\hooks\\pre_safe_impo
rt_module'
19614 INFO: Processing standard module hook 'hook-platformdirs.py' from 'C
:\\Python313\\Lib\\site-packages\\_pyinstaller_hooks_contrib\\stdhooks'
19728 INFO: Processing pre-safe-import-module hook 'hook-wheel.py' from 'C
:\\Python313\\Lib\\site-packages\\PyInstaller\\hooks\\pre_safe_import_modu
le'
19729 INFO: Setuptools: 'wheel' appears to be a setuptools-vendored copy -
 creating alias to 'setuptools._vendor.wheel'!
20584 INFO: Processing standard module hook 'hook-torch.py' from 'C:\\Pyth
on313\\Lib\\site-packages\\_pyinstaller_hooks_contrib\\stdhooks'
1182 WARNING: Failed to collect submodules for 'torch.utils.tensorboard' b
ecause importing 'torch.utils.tensorboard' raised: ModuleNotFoundError: No
 module named 'tensorboard'
W1109 23:46:17.996000 54636 site-packages\torch\distributed\elastic\multip
rocessing\redirects.py:29] NOTE: Redirects are currently not supported in 
Windows or MacOs.
C:\Python313\Lib\site-packages\torch\distributed\algorithms\ddp_comm_hooks
\__init__.py:54: FutureWarning: functools.partial will be a method descrip
tor in future Python versions; wrap it in enum.member() if you want to pre
serve the old behavior
  ALLREDUCE = partial(_ddp_comm_hook_wrapper, comm_hook=default.allreduce_
hook)
C:\Python313\Lib\site-packages\torch\distributed\algorithms\ddp_comm_hooks
\__init__.py:55: FutureWarning: functools.partial will be a method descrip
tor in future Python versions; wrap it in enum.member() if you want to pre
serve the old behavior
  FP16_COMPRESS = partial(
C:\Python313\Lib\site-packages\torch\distributed\algorithms\ddp_comm_hooks
\__init__.py:58: FutureWarning: functools.partial will be a method descrip
tor in future Python versions; wrap it in enum.member() if you want to pre
serve the old behavior
  BF16_COMPRESS = partial(
C:\Python313\Lib\site-packages\torch\distributed\algorithms\ddp_comm_hooks
\__init__.py:61: FutureWarning: functools.partial will be a method descrip
tor in future Python versions; wrap it in enum.member() if you want to pre
serve the old behavior
  QUANTIZE_PER_TENSOR = partial(
C:\Python313\Lib\site-packages\torch\distributed\algorithms\ddp_comm_hooks
\__init__.py:64: FutureWarning: functools.partial will be a method descrip
tor in future Python versions; wrap it in enum.member() if you want to pre
serve the old behavior
  QUANTIZE_PER_CHANNEL = partial(
C:\Python313\Lib\site-packages\torch\distributed\algorithms\ddp_comm_hooks
\__init__.py:67: FutureWarning: functools.partial will be a method descrip
tor in future Python versions; wrap it in enum.member() if you want to pre
serve the old behavior
  POWER_SGD = partial(
C:\Python313\Lib\site-packages\torch\distributed\algorithms\ddp_comm_hooks
\__init__.py:74: FutureWarning: functools.partial will be a method descrip
tor in future Python versions; wrap it in enum.member() if you want to pre
serve the old behavior
  POWER_SGD_RANK2 = partial(
C:\Python313\Lib\site-packages\torch\distributed\algorithms\ddp_comm_hooks
\__init__.py:80: FutureWarning: functools.partial will be a method descrip
tor in future Python versions; wrap it in enum.member() if you want to pre
serve the old behavior
  BATCHED_POWER_SGD = partial(
C:\Python313\Lib\site-packages\torch\distributed\algorithms\ddp_comm_hooks
\__init__.py:85: FutureWarning: functools.partial will be a method descrip
tor in future Python versions; wrap it in enum.member() if you want to pre
serve the old behavior
  BATCHED_POWER_SGD_RANK2 = partial(
C:\Python313\Lib\site-packages\torch\distributed\algorithms\ddp_comm_hooks
\__init__.py:90: FutureWarning: functools.partial will be a method descrip
tor in future Python versions; wrap it in enum.member() if you want to pre
serve the old behavior
  NOOP = partial(
C:\Python313\Lib\site-packages\PyInstaller\utils\hooks\__init__.py:665: De
precationWarning: `torch.distributed._sharding_spec` will be deprecated, u
se `torch.distributed._shard.sharding_spec` instead
  __import__(name)
C:\Python313\Lib\site-packages\PyInstaller\utils\hooks\__init__.py:665: De
precationWarning: `torch.distributed._sharded_tensor` will be deprecated, 
use `torch.distributed._shard.sharded_tensor` instead
  __import__(name)
C:\Python313\Lib\site-packages\PyInstaller\utils\hooks\__init__.py:665: De
precationWarning: `torch.distributed._shard.checkpoint` will be deprecated
, use `torch.distributed.checkpoint` instead
  __import__(name)
26520 INFO: hook-torch: this torch build does not depend on MKL...
27390 INFO: Processing standard module hook 'hook-matplotlib.py' from 'C:\
\Python313\\Lib\\site-packages\\PyInstaller\\hooks'
27720 INFO: Processing pre-safe-import-module hook 'hook-gi.py' from 'C:\\
Python313\\Lib\\site-packages\\PyInstaller\\hooks\\pre_safe_import_module'
27959 INFO: Processing standard module hook 'hook-matplotlib.backend_bases
.py' from 'C:\\Python313\\Lib\\site-packages\\PyInstaller\\hooks'
28596 INFO: Processing standard module hook 'hook-jinja2.py' from 'C:\\Pyt
hon313\\Lib\\site-packages\\_pyinstaller_hooks_contrib\\stdhooks'
28970 INFO: Processing standard module hook 'hook-matplotlib.backends.py' 
from 'C:\\Python313\\Lib\\site-packages\\PyInstaller\\hooks'
29043 INFO: Processing standard module hook 'hook-matplotlib.pyplot.py' fr
om 'C:\\Python313\\Lib\\site-packages\\PyInstaller\\hooks'
30083 INFO: Processing standard module hook 'hook-dateutil.py' from 'C:\\P
ython313\\Lib\\site-packages\\_pyinstaller_hooks_contrib\\stdhooks'
30192 INFO: Processing pre-safe-import-module hook 'hook-six.moves.py' fro
m 'C:\\Python313\\Lib\\site-packages\\PyInstaller\\hooks\\pre_safe_import_
module'
37645 INFO: Processing standard module hook 'hook-scipy.linalg.py' from 'C
:\\Python313\\Lib\\site-packages\\PyInstaller\\hooks'
37735 INFO: Processing standard module hook 'hook-scipy.special._ufuncs.py
' from 'C:\\Python313\\Lib\\site-packages\\PyInstaller\\hooks'
37862 INFO: Processing standard module hook 'hook-scipy.special._ellip_har
m_2.py' from 'C:\\Python313\\Lib\\site-packages\\PyInstaller\\hooks'
38839 INFO: Processing standard module hook 'hook-scipy.spatial._ckdtree.p
y' from 'C:\\Python313\\Lib\\site-packages\\PyInstaller\\hooks'
39109 INFO: Processing standard module hook 'hook-scipy.spatial.transform.
rotation.py' from 'C:\\Python313\\Lib\\site-packages\\PyInstaller\\hooks'
39773 INFO: Processing standard module hook 'hook-scipy.stats._stats.py' f
rom 'C:\\Python313\\Lib\\site-packages\\PyInstaller\\hooks'
39937 INFO: Processing standard module hook 'hook-scipy.sparse.csgraph.py'
 from 'C:\\Python313\\Lib\\site-packages\\PyInstaller\\hooks'
46069 INFO: Processing standard module hook 'hook-xml.dom.domreg.py' from 
'C:\\Python313\\Lib\\site-packages\\PyInstaller\\hooks'
48968 INFO: Processing standard module hook 'hook-torchvision.py' from 'C:
\\Python313\\Lib\\site-packages\\_pyinstaller_hooks_contrib\\stdhooks'
53345 INFO: Processing standard module hook 'hook-shelve.py' from 'C:\\Pyt
hon313\\Lib\\site-packages\\PyInstaller\\hooks'
53391 INFO: Processing standard module hook 'hook-sqlite3.py' from 'C:\\Py
thon313\\Lib\\site-packages\\PyInstaller\\hooks'
55695 INFO: Processing pre-safe-import-module hook 'hook-win32com.py' from
 'C:\\Python313\\Lib\\site-packages\\_pyinstaller_hooks_contrib\\pre_safe_
import_module'
59656 INFO: Processing standard module hook 'hook-fsspec.py' from 'C:\\Pyt
hon313\\Lib\\site-packages\\_pyinstaller_hooks_contrib\\stdhooks'
62573 INFO: Processing standard module hook 'hook-torchvision.io.image.py'
 from 'C:\\Python313\\Lib\\site-packages\\_pyinstaller_hooks_contrib\\stdh
ooks'
63461 INFO: Processing standard module hook 'hook-scipy.io.matlab.py' from
 'C:\\Python313\\Lib\\site-packages\\PyInstaller\\hooks'
63857 INFO: Processing standard module hook 'hook-h5py.py' from 'C:\\Pytho
n313\\Lib\\site-packages\\_pyinstaller_hooks_contrib\\stdhooks'
69340 INFO: Processing standard module hook 'hook-pandas.io.formats.style.
py' from 'C:\\Python313\\Lib\\site-packages\\PyInstaller\\hooks'
71342 INFO: Processing standard module hook 'hook-pandas.plotting.py' from
 'C:\\Python313\\Lib\\site-packages\\PyInstaller\\hooks'
72680 INFO: Processing standard module hook 'hook-pandas.io.clipboard.py' 
from 'C:\\Python313\\Lib\\site-packages\\PyInstaller\\hooks'
73808 INFO: Analyzing hidden import 'nibabel'
74262 INFO: Processing module hooks (post-graph stage)...
75502 INFO: Processing pre-safe-import-module hook 'hook-tensorflow.py' fr
om 'C:\\Python313\\Lib\\site-packages\\_pyinstaller_hooks_contrib\\pre_saf
e_import_module'
79928 INFO: Processing standard module hook 'hook-matplotlib.backends.py' 
from 'C:\\Python313\\Lib\\site-packages\\PyInstaller\\hooks'
79929 INFO: Matplotlib backend selection method: automatic discovery of us
ed backends
79946 INFO: Discovered Matplotlib backend(s) via `matplotlib.use()` call i
n module 'sympy.testing.runtests': ['Agg', 'Agg']
79952 INFO: The following Matplotlib backends were discovered by scanning 
for `matplotlib.use()` calls: ['Agg']. If your backend of choice is not in
 this list, either add a `matplotlib.use()` call to your code, or configur
e the backend collection via hook options (see: https://pyinstaller.org/en
/stable/hooks-config.html#matplotlib-hooks).
79952 INFO: Selected matplotlib backends: ['Agg']
80361 INFO: Processing standard module hook 'hook-PIL.SpiderImagePlugin.py
' from 'C:\\Python313\\Lib\\site-packages\\PyInstaller\\hooks'
80434 WARNING: Hidden import "sip" not found!
80471 WARNING: Hidden import "scipy.special._cdflib" not found!
80647 INFO: Performing binary vs. data reclassification (991 entries)
83327 INFO: Looking for ctypes DLLs
83645 WARNING: Library wintab32.dll required via ctypes not found
83724 WARNING: Ignoring /usr/lib64/libgomp.so.1 imported from C:\Python313
\Lib\site-packages\torch\_inductor\codecache.py - only basenames are suppo
rted with ctypes imports!
83807 INFO: Analyzing run-time hooks ...
83829 INFO: Including run-time hook 'pyi_rth_pkgutil.py' from 'C:\\Python3
13\\Lib\\site-packages\\PyInstaller\\hooks\\rthooks'
83831 INFO: Including run-time hook 'pyi_rth_setuptools.py' from 'C:\\Pyth
on313\\Lib\\site-packages\\PyInstaller\\hooks\\rthooks'
83833 INFO: Including run-time hook 'pyi_rth_pkgres.py' from 'C:\\Python31
3\\Lib\\site-packages\\PyInstaller\\hooks\\rthooks'
83836 INFO: Including run-time hook 'pyi_rth_mplconfig.py' from 'C:\\Pytho
n313\\Lib\\site-packages\\PyInstaller\\hooks\\rthooks'
83848 INFO: Processing pre-find-module-path hook 'hook-_pyi_rth_utils.py' 
from 'C:\\Python313\\Lib\\site-packages\\PyInstaller\\hooks\\pre_find_modu
le_path'
83849 INFO: Processing standard module hook 'hook-_pyi_rth_utils.py' from 
'C:\\Python313\\Lib\\site-packages\\PyInstaller\\hooks'
83876 INFO: Including run-time hook 'pyi_rth_inspect.py' from 'C:\\Python3
13\\Lib\\site-packages\\PyInstaller\\hooks\\rthooks'
83878 INFO: Including run-time hook 'pyi_rth_pyqt5.py' from 'C:\\Python313
\\Lib\\site-packages\\PyInstaller\\hooks\\rthooks'
83881 INFO: Including run-time hook 'pyi_rth_multiprocessing.py' from 'C:\
\Python313\\Lib\\site-packages\\PyInstaller\\hooks\\rthooks'
83969 INFO: Creating base_library.zip...
83986 INFO: Looking for dynamic libraries
W1109 23:47:22.191000 55764 site-packages\torch\distributed\elastic\multip
rocessing\redirects.py:29] NOTE: Redirects are currently not supported in 
Windows or MacOs.
C:\Python313\Lib\site-packages\torch\distributed\algorithms\ddp_comm_hooks
\__init__.py:54: FutureWarning: functools.partial will be a method descrip
tor in future Python versions; wrap it in enum.member() if you want to pre
serve the old behavior
  ALLREDUCE = partial(_ddp_comm_hook_wrapper, comm_hook=default.allreduce_
hook)
C:\Python313\Lib\site-packages\torch\distributed\algorithms\ddp_comm_hooks
\__init__.py:55: FutureWarning: functools.partial will be a method descrip
tor in future Python versions; wrap it in enum.member() if you want to pre
serve the old behavior
  FP16_COMPRESS = partial(
C:\Python313\Lib\site-packages\torch\distributed\algorithms\ddp_comm_hooks
\__init__.py:58: FutureWarning: functools.partial will be a method descrip
tor in future Python versions; wrap it in enum.member() if you want to pre
serve the old behavior
  BF16_COMPRESS = partial(
C:\Python313\Lib\site-packages\torch\distributed\algorithms\ddp_comm_hooks
\__init__.py:61: FutureWarning: functools.partial will be a method descrip
tor in future Python versions; wrap it in enum.member() if you want to pre
serve the old behavior
  QUANTIZE_PER_TENSOR = partial(
C:\Python313\Lib\site-packages\torch\distributed\algorithms\ddp_comm_hooks
\__init__.py:64: FutureWarning: functools.partial will be a method descrip
tor in future Python versions; wrap it in enum.member() if you want to pre
serve the old behavior
  QUANTIZE_PER_CHANNEL = partial(
C:\Python313\Lib\site-packages\torch\distributed\algorithms\ddp_comm_hooks
\__init__.py:67: FutureWarning: functools.partial will be a method descrip
tor in future Python versions; wrap it in enum.member() if you want to pre
serve the old behavior
  POWER_SGD = partial(
C:\Python313\Lib\site-packages\torch\distributed\algorithms\ddp_comm_hooks
\__init__.py:74: FutureWarning: functools.partial will be a method descrip
tor in future Python versions; wrap it in enum.member() if you want to pre
serve the old behavior
  POWER_SGD_RANK2 = partial(
C:\Python313\Lib\site-packages\torch\distributed\algorithms\ddp_comm_hooks
\__init__.py:80: FutureWarning: functools.partial will be a method descrip
tor in future Python versions; wrap it in enum.member() if you want to pre
serve the old behavior
  BATCHED_POWER_SGD = partial(
C:\Python313\Lib\site-packages\torch\distributed\algorithms\ddp_comm_hooks
\__init__.py:85: FutureWarning: functools.partial will be a method descrip
tor in future Python versions; wrap it in enum.member() if you want to pre
serve the old behavior
  BATCHED_POWER_SGD_RANK2 = partial(
C:\Python313\Lib\site-packages\torch\distributed\algorithms\ddp_comm_hooks
\__init__.py:90: FutureWarning: functools.partial will be a method descrip
tor in future Python versions; wrap it in enum.member() if you want to pre
serve the old behavior
  NOOP = partial(
C:\Python313\Lib\site-packages\PyInstaller\building\build_main.py:227: Dep
recationWarning: `torch.distributed._sharding_spec` will be deprecated, us
e `torch.distributed._shard.sharding_spec` instead
  __import__(package)
C:\Python313\Lib\site-packages\PyInstaller\building\build_main.py:227: Dep
recationWarning: `torch.distributed._sharded_tensor` will be deprecated, u
se `torch.distributed._shard.sharded_tensor` instead
  __import__(package)
C:\Python313\Lib\site-packages\PyInstaller\building\build_main.py:227: Dep
recationWarning: `torch.distributed._shard.checkpoint` will be deprecated,
 use `torch.distributed.checkpoint` instead
  __import__(package)
91198 INFO: Extra DLL search directories (AddDllDirectory): ['C:\\Python31
3\\Lib\\site-packages\\PyQt5\\Qt5\\bin', 'C:\\Python313\\Lib\\site-package
s\\scipy.libs', 'C:\\Python313\\Lib\\site-packages\\numpy.libs', 'C:\\Pyth
on313\\Lib\\site-packages\\torch\\lib', 'C:\\Python313\\Lib\\site-packages
\\torchvision', 'C:\\Python313\\Lib\\site-packages\\torchvision', 'C:\\Pyt
hon313\\Lib\\site-packages\\torchvision', 'C:\\Python313\\Lib\\site-packag
es\\torchvision', 'C:\\Python313\\Lib\\site-packages\\pandas.libs']
91198 INFO: Extra DLL search directories (PATH): ['C:\\Python313\\Lib\\sit
e-packages\\PyQt5\\Qt5\\bin', 'C:\\Python313\\Lib\\site-packages\\PyInstal
ler\\isolated', 'C:\\Python313\\Lib\\site-packages\\PyInstaller\\isolated\
\lib', 'C:\\Users\\USER\\Desktop\\의료 저널\\Neuroflow_mac\\lib']
92920 INFO: Warnings written to C:\Users\USER\Desktop\의료 저널\Neuroflow_mac\
build\NeuroFlow\warn-NeuroFlow.txt
93218 INFO: Graph cross-reference written to C:\Users\USER\Desktop\의료 저널\N
euroflow_mac\build\NeuroFlow\xref-NeuroFlow.html
93314 INFO: checking PYZ
93315 INFO: Building PYZ because PYZ-00.toc is non existent
93315 INFO: Building PYZ (ZlibArchive) C:\Users\USER\Desktop\의료 저널\Neurofl
ow_mac\build\NeuroFlow\PYZ-00.pyz
96584 INFO: Building PYZ (ZlibArchive) C:\Users\USER\Desktop\의료 저널\Neurofl
ow_mac\build\NeuroFlow\PYZ-00.pyz completed successfully.
96636 INFO: checking PKG
96636 INFO: Building PKG because PKG-00.toc is non existent
96636 INFO: Building PKG (CArchive) NeuroFlow.pkg
96690 INFO: Building PKG (CArchive) NeuroFlow.pkg completed successfully.
96691 INFO: Bootloader C:\Python313\Lib\site-packages\PyInstaller\bootload
er\Windows-64bit-intel\runw.exe
96691 INFO: checking EXE
96692 INFO: Building EXE because EXE-00.toc is non existent
96692 INFO: Building EXE from EXE-00.toc
96692 INFO: Copying bootloader EXE to C:\Users\USER\Desktop\의료 저널\Neuroflo
w_mac\build\NeuroFlow\NeuroFlow.exe
96735 INFO: Copying icon to EXE
96772 INFO: Copying 0 resources to EXE
96772 INFO: Embedding manifest in EXE
96778 INFO: Appending PKG archive to EXE
98565 INFO: Fixing EXE headers
99627 INFO: Building EXE from EXE-00.toc completed successfully.
99650 INFO: checking COLLECT
99650 INFO: Building COLLECT because COLLECT-00.toc is non existent
99651 INFO: Removing dir C:\Users\USER\Desktop\의료 저널\Neuroflow_mac\dist\Ne
uroFlow
Traceback (most recent call last):
  File "C:\Python313\Lib\site-packages\PyInstaller\building\utils.py", lin
e 394, in _make_clean_directory
    os.remove(path)
    ~~~~~~~~~^^^^^^
PermissionError: [WinError 5] 액세스가 거부되었습니다: 'C:\\Users\\USER\\Desktop\\의료 
저널\\Neuroflow_mac\\dist\\NeuroFlow'

During handling of the above exception, another exception occurred:

Traceback (most recent call last):
  File "<frozen runpy>", line 198, in _run_module_as_main
  File "<frozen runpy>", line 88, in _run_code
  File "C:\Python313\Scripts\pyinstaller.exe\__main__.py", line 7, in <mod
ule>
    sys.exit(_console_script_run())
             ~~~~~~~~~~~~~~~~~~~^^
  File "C:\Python313\Lib\site-packages\PyInstaller\__main__.py", line 231,
 in _console_script_run
    run()
    ~~~^^
  File "C:\Python313\Lib\site-packages\PyInstaller\__main__.py", line 215,
 in run
    run_build(pyi_config, spec_file, **vars(args))
    ~~~~~~~~~^^^^^^^^^^^^^^^^^^^^^^^^^^^^^^^^^^^^^
  File "C:\Python313\Lib\site-packages\PyInstaller\__main__.py", line 70, 
in run_build
    PyInstaller.building.build_main.main(pyi_config, spec_file, **kwargs)
    ~~~~~~~~~~~~~~~~~~~~~~~~~~~~~~~~~~~~^^^^^^^^^^^^^^^^^^^^^^^^^^^^^^^^^
  File "C:\Python313\Lib\site-packages\PyInstaller\building\build_main.py"
, line 1272, in main
    build(specfile, distpath, workpath, clean_build)
    ~~~~~^^^^^^^^^^^^^^^^^^^^^^^^^^^^^^^^^^^^^^^^^^^
  File "C:\Python313\Lib\site-packages\PyInstaller\building\build_main.py"
, line 1210, in build
    exec(code, spec_namespace)
    ~~~~^^^^^^^^^^^^^^^^^^^^^^
  File "C:\Users\USER\Desktop\의료 저널\Neuroflow_mac\NeuroFlow.spec", line 36
, in <module>
    coll = COLLECT(
        exe,
    ...<5 lines>...
        name='NeuroFlow',
    )
  File "C:\Python313\Lib\site-packages\PyInstaller\building\api.py", line 
1147, in __init__
    self.__postinit__()
    ~~~~~~~~~~~~~~~~~^^
  File "C:\Python313\Lib\site-packages\PyInstaller\building\datastruct.py"
, line 184, in __postinit__
    self.assemble()
    ~~~~~~~~~~~~~^^
  File "C:\Python313\Lib\site-packages\PyInstaller\building\api.py", line 
1159, in assemble
    _make_clean_directory(self.name)
    ~~~~~~~~~~~~~~~~~~~~~^^^^^^^^^^^
  File "C:\Python313\Lib\site-packages\PyInstaller\building\utils.py", lin
e 396, in _make_clean_directory
    _rmtree(path)
    ~~~~~~~^^^^^^
  File "C:\Python313\Lib\site-packages\PyInstaller\building\utils.py", lin
e 421, in _rmtree
    shutil.rmtree(path)
    ~~~~~~~~~~~~~^^^^^^
  File "C:\Python313\Lib\shutil.py", line 790, in rmtree
    return _rmtree_unsafe(path, onexc)
  File "C:\Python313\Lib\shutil.py", line 635, in _rmtree_unsafe
    onexc(os.rmdir, path, err)
    ~~~~~^^^^^^^^^^^^^^^^^^^^^
  File "C:\Python313\Lib\shutil.py", line 631, in _rmtree_unsafe
    os.rmdir(path)
    ~~~~~~~~^^^^^^
PermissionError: [WinError 32] 다른 프로세스가 파일을 사용 중이기 때문에 프로세스가 액세스 할 수 없습니다:
 'C:\\Users\\USER\\Desktop\\의료 저널\\Neuroflow_mac\\dist\\NeuroFlow'
